[18:32:29][no_game_date][dlc.cpp:218]: Invalid supported_version in  file: mod/MIRA.mod line: 7
[18:32:29][no_game_date][dlc.cpp:218]: Invalid supported_version in  file: mod/ugc_1862018480.mod line: 8
[18:32:29][no_game_date][dlc.cpp:218]: Invalid supported_version in  file: mod/ugc_2829179259.mod line: 7
[18:32:29][no_game_date][dlc.cpp:218]: Invalid supported_version in  file: mod/ugc_3157816605.mod line: 6
[18:32:29][no_game_date][dlc.cpp:218]: Invalid supported_version in  file: mod/ugc_3310177852.mod line: 6
[18:32:29][no_game_date][dlc.cpp:218]: Invalid supported_version in  file: mod/ugc_3322324112.mod line: 8
[18:32:29][no_game_date][dlc.cpp:218]: Invalid supported_version in  file: mod/ugc_3405989555.mod line: 6
[18:32:29][no_game_date][dlc.cpp:218]: Invalid supported_version in  file: mod/ugc_3686435343.mod line: 8
[18:32:57][1936.01.01.12][equipment_effects.cpp:814]: 'common/scripted_effects/touhou_tank_engine_probe.txt:316: create_equipment_variant': '验证_婆苏吉' - Assigning module 'touhou_tank_weapon_demonforce_super_heavy_tank_artillery_equipment_1' to slot 'main_armament_slot' which is not present on type 'super_heavy_tank_artillery_chassis_touhou_demonforce_super_heavy_1'.
[18:32:57][1936.01.01.12][equipment_effects.cpp:814]: 'common/scripted_effects/touhou_tank_engine_probe.txt:316: create_equipment_variant': '验证_婆苏吉' - Assigning module 'touhou_tank_demonforce_super_heavy_1_engine' to slot 'engine_type_slot' which is not present on type 'super_heavy_tank_artillery_chassis_touhou_demonforce_super_heavy_1'.
[18:32:57][1936.01.01.12][equipment_effects.cpp:814]: 'common/scripted_effects/touhou_tank_engine_probe.txt:316: create_equipment_variant': '验证_婆苏吉' - Clearing slot 'special_type_slot_1' which is not present on type 'super_heavy_tank_artillery_chassis_touhou_demonforce_super_heavy_1'.
[18:32:57][1936.01.01.12][equipment_effects.cpp:814]: 'common/scripted_effects/touhou_tank_engine_probe.txt:316: create_equipment_variant': '验证_婆苏吉' - Clearing slot 'special_type_slot_2' which is not present on type 'super_heavy_tank_artillery_chassis_touhou_demonforce_super_heavy_1'.
[18:32:57][1936.01.01.12][equipment_effects.cpp:814]: 'common/scripted_effects/touhou_tank_engine_probe.txt:316: create_equipment_variant': '验证_婆苏吉' - Clearing slot 'special_type_slot_3' which is not present on type 'super_heavy_tank_artillery_chassis_touhou_demonforce_super_heavy_1'.
[18:32:57][1936.01.01.12][equipment_effects.cpp:814]: 'common/scripted_effects/touhou_tank_engine_probe.txt:316: create_equipment_variant': '验证_婆苏吉' - Clearing slot 'special_type_slot_4' which is not present on type 'super_heavy_tank_artillery_chassis_touhou_demonforce_super_heavy_1'.
[18:32:57][1936.01.01.12][equipment_effects.cpp:814]: 'common/scripted_effects/touhou_tank_engine_probe.txt:316: create_equipment_variant': '验证_婆苏吉' - Assigning module 'touhou_tank_demonforce_super_heavy_1_control' to slot 'turret_type_slot' which is not present on type 'super_heavy_tank_artillery_chassis_touhou_demonforce_super_heavy_1'.
[18:32:57][1936.01.01.12][equipment_effects.cpp:814]: 'common/scripted_effects/touhou_tank_engine_probe.txt:316: create_equipment_variant': '验证_婆苏吉' - Assigning module 'touhou_tank_demonforce_super_heavy_1_suspension' to slot 'suspension_type_slot' which is not present on type 'super_heavy_tank_artillery_chassis_touhou_demonforce_super_heavy_1'.
[18:32:57][1936.01.01.12][equipment_effects.cpp:814]: 'common/scripted_effects/touhou_tank_engine_probe.txt:316: create_equipment_variant': '验证_婆苏吉' - Assigning module 'touhou_tank_demonforce_super_heavy_1_armor' to slot 'armor_type_slot' which is not present on type 'super_heavy_tank_artillery_chassis_touhou_demonforce_super_heavy_1'.
[18:32:57][1936.01.01.12][equipment_effects.cpp:814]: 'common/scripted_effects/touhou_tank_engine_probe.txt:338: create_equipment_variant': '验证_湿婆' - Assigning module 'touhou_tank_weapon_demonforce_super_heavy_tank_destroyer_equipment_1' to slot 'main_armament_slot' which is not present on type 'super_heavy_tank_destroyer_chassis_touhou_demonforce_super_heavy_1'.
[18:32:57][1936.01.01.12][equipment_effects.cpp:814]: 'common/scripted_effects/touhou_tank_engine_probe.txt:338: create_equipment_variant': '验证_湿婆' - Assigning module 'touhou_tank_demonforce_super_heavy_1_engine' to slot 'engine_type_slot' which is not present on type 'super_heavy_tank_destroyer_chassis_touhou_demonforce_super_heavy_1'.
[18:32:57][1936.01.01.12][equipment_effects.cpp:814]: 'common/scripted_effects/touhou_tank_engine_probe.txt:338: create_equipment_variant': '验证_湿婆' - Clearing slot 'special_type_slot_1' which is not present on type 'super_heavy_tank_destroyer_chassis_touhou_demonforce_super_heavy_1'.
[18:32:57][1936.01.01.12][equipment_effects.cpp:814]: 'common/scripted_effects/touhou_tank_engine_probe.txt:338: create_equipment_variant': '验证_湿婆' - Clearing slot 'special_type_slot_2' which is not present on type 'super_heavy_tank_destroyer_chassis_touhou_demonforce_super_heavy_1'.
[18:32:57][1936.01.01.12][equipment_effects.cpp:814]: 'common/scripted_effects/touhou_tank_engine_probe.txt:338: create_equipment_variant': '验证_湿婆' - Clearing slot 'special_type_slot_3' which is not present on type 'super_heavy_tank_destroyer_chassis_touhou_demonforce_super_heavy_1'.
[18:32:57][1936.01.01.12][equipment_effects.cpp:814]: 'common/scripted_effects/touhou_tank_engine_probe.txt:338: create_equipment_variant': '验证_湿婆' - Clearing slot 'special_type_slot_4' which is not present on type 'super_heavy_tank_destroyer_chassis_touhou_demonforce_super_heavy_1'.
[18:32:57][1936.01.01.12][equipment_effects.cpp:814]: 'common/scripted_effects/touhou_tank_engine_probe.txt:338: create_equipment_variant': '验证_湿婆' - Assigning module 'touhou_tank_demonforce_super_heavy_1_control' to slot 'turret_type_slot' which is not present on type 'super_heavy_tank_destroyer_chassis_touhou_demonforce_super_heavy_1'.
[18:32:57][1936.01.01.12][equipment_effects.cpp:814]: 'common/scripted_effects/touhou_tank_engine_probe.txt:338: create_equipment_variant': '验证_湿婆' - Assigning module 'touhou_tank_demonforce_super_heavy_1_suspension' to slot 'suspension_type_slot' which is not present on type 'super_heavy_tank_destroyer_chassis_touhou_demonforce_super_heavy_1'.
[18:32:57][1936.01.01.12][equipment_effects.cpp:814]: 'common/scripted_effects/touhou_tank_engine_probe.txt:338: create_equipment_variant': '验证_湿婆' - Assigning module 'touhou_tank_demonforce_super_heavy_1_armor' to slot 'armor_type_slot' which is not present on type 'super_heavy_tank_destroyer_chassis_touhou_demonforce_super_heavy_1'.
[18:32:57][1936.01.01.12][equipment_effects.cpp:814]: 'common/scripted_effects/touhou_tank_engine_probe.txt:360: create_equipment_variant': '验证_鹏' - Assigning module 'touhou_tank_weapon_demonforce_super_heavy_tank_aa_equipment_1' to slot 'main_armament_slot' which is not present on type 'super_heavy_tank_aa_chassis_touhou_demonforce_super_heavy_1'.
[18:32:57][1936.01.01.12][equipment_effects.cpp:814]: 'common/scripted_effects/touhou_tank_engine_probe.txt:360: create_equipment_variant': '验证_鹏' - Assigning module 'touhou_tank_demonforce_super_heavy_1_engine' to slot 'engine_type_slot' which is not present on type 'super_heavy_tank_aa_chassis_touhou_demonforce_super_heavy_1'.
[18:32:57][1936.01.01.12][equipment_effects.cpp:814]: 'common/scripted_effects/touhou_tank_engine_probe.txt:360: create_equipment_variant': '验证_鹏' - Clearing slot 'special_type_slot_1' which is not present on type 'super_heavy_tank_aa_chassis_touhou_demonforce_super_heavy_1'.
[18:32:57][1936.01.01.12][equipment_effects.cpp:814]: 'common/scripted_effects/touhou_tank_engine_probe.txt:360: create_equipment_variant': '验证_鹏' - Clearing slot 'special_type_slot_2' which is not present on type 'super_heavy_tank_aa_chassis_touhou_demonforce_super_heavy_1'.
[18:32:57][1936.01.01.12][equipment_effects.cpp:814]: 'common/scripted_effects/touhou_tank_engine_probe.txt:360: create_equipment_variant': '验证_鹏' - Clearing slot 'special_type_slot_3' which is not present on type 'super_heavy_tank_aa_chassis_touhou_demonforce_super_heavy_1'.
[18:32:57][1936.01.01.12][equipment_effects.cpp:814]: 'common/scripted_effects/touhou_tank_engine_probe.txt:360: create_equipment_variant': '验证_鹏' - Clearing slot 'special_type_slot_4' which is not present on type 'super_heavy_tank_aa_chassis_touhou_demonforce_super_heavy_1'.
[18:32:57][1936.01.01.12][equipment_effects.cpp:814]: 'common/scripted_effects/touhou_tank_engine_probe.txt:360: create_equipment_variant': '验证_鹏' - Assigning module 'touhou_tank_demonforce_super_heavy_1_control' to slot 'turret_type_slot' which is not present on type 'super_heavy_tank_aa_chassis_touhou_demonforce_super_heavy_1'.
[18:32:57][1936.01.01.12][equipment_effects.cpp:814]: 'common/scripted_effects/touhou_tank_engine_probe.txt:360: create_equipment_variant': '验证_鹏' - Assigning module 'touhou_tank_demonforce_super_heavy_1_suspension' to slot 'suspension_type_slot' which is not present on type 'super_heavy_tank_aa_chassis_touhou_demonforce_super_heavy_1'.
[18:32:57][1936.01.01.12][equipment_effects.cpp:814]: 'common/scripted_effects/touhou_tank_engine_probe.txt:360: create_equipment_variant': '验证_鹏' - Assigning module 'touhou_tank_demonforce_super_heavy_1_armor' to slot 'armor_type_slot' which is not present on type 'super_heavy_tank_aa_chassis_touhou_demonforce_super_heavy_1'.
[18:32:57][1936.01.01.12][equipment_effects.cpp:814]: 'common/scripted_effects/touhou_tank_engine_probe.txt:1152: create_equipment_variant': '验证_附灵式中型坦克' - Modular type 'medium_tank_chassis_1' appears to not have been unlocked for ALI as no chassis variant exists. Unlocked the tech before creating any variants to avoid bugs.
[18:32:57][1936.01.01.12][equipment_effects.cpp:814]: 'common/scripted_effects/touhou_tank_engine_probe.txt:1174: create_equipment_variant': '验证_破魔式轻型坦克改良型' - Modular type 'light_tank_chassis_2' appears to not have been unlocked for ALI as no chassis variant exists. Unlocked the tech before creating any variants to avoid bugs.
[18:32:57][1936.01.01.12][equipment_effects.cpp:814]: 'common/scripted_effects/touhou_tank_engine_probe.txt:1196: create_equipment_variant': '验证_附灵式中型坦克改良型' - Modular type 'medium_tank_chassis_2' appears to not have been unlocked for ALI as no chassis variant exists. Unlocked the tech before creating any variants to avoid bugs.
[18:32:57][1936.01.01.12][equipment_effects.cpp:814]: 'common/scripted_effects/touhou_tank_engine_probe.txt:1218: create_equipment_variant': '验证_破魔式轻型坦克完全型' - Modular type 'light_tank_chassis_3' appears to not have been unlocked for ALI as no chassis variant exists. Unlocked the tech before creating any variants to avoid bugs.
[18:32:57][1936.01.01.12][equipment_effects.cpp:814]: 'common/scripted_effects/touhou_tank_engine_probe.txt:1240: create_equipment_variant': '验证_附灵式中型坦克完全型' - Modular type 'medium_tank_chassis_3' appears to not have been unlocked for ALI as no chassis variant exists. Unlocked the tech before creating any variants to avoid bugs.
